// Jest Snapshot v1, https://goo.gl/fbAQLP

exports[`[37m[44mTesting in <AddCategory />[49m[39m 1: Should show correctly the component 1`] = `
<form
  onSubmit={[Function]}
>
  <p>
     
     
  </p>
  <input
    onChange={[Function]}
    type="text"
    value=""
  />
</form>
`;
